package main

import (
	"fmt"
	"net/http"
	"testing"

	"github.com/calvinmclean/babyapi"
	babytest "github.com/calvinmclean/babyapi/test"
)

func TestAPI(t *testing.T) {
	// Create API here
	api := babyapi.NewAPI(
		"MyAPI", "/",
		func() *babyapi.NilResource { return &babyapi.NilResource{} },
	)

	babytest.RunTableTest(t, api, []babytest.TestCase[*babyapi.AnyResource]{
		{
			Name: "Create",
			Test: babytest.RequestTest[*babyapi.AnyResource]{
				Method: http.MethodPost,
				Body:   `TODO: JSON here`,
			},
			ExpectedResponse: babytest.ExpectedResponse{
				Status: http.StatusCreated,
				// Example of regexp for ID
				// BodyRegexp: `{"id":"[0-9a-v]{20}",...}`,
				BodyRegexp: `TODO: JSON here`,
			},
		},
		{
			Name: "Get",
			Test: babytest.RequestTest[*babyapi.AnyResource]{
				Method: http.MethodGet,
				IDFunc: func(getResponse babytest.PreviousResponseGetter) string {
					// Get the ID from Create test in order to get the resource
					return getResponse("Create").Data.GetID()
				},
			},
			ExpectedResponse: babytest.ExpectedResponse{
				Status:     http.StatusOK,
				BodyRegexp: `TODO: JSON here`,
			},
		},
		{
			Name: "List",
			Test: babytest.RequestTest[*babyapi.AnyResource]{
				Method: babyapi.MethodSearch,
			},
			ExpectedResponse: babytest.ExpectedResponse{
				Status:     http.StatusOK,
				BodyRegexp: `TODO: JSON here`,
			},
		},
		{
			Name: "UpdateWithPut",
			Test: babytest.RequestTest[*babyapi.AnyResource]{
				Method: http.MethodPut,
				IDFunc: func(getResponse babytest.PreviousResponseGetter) string {
					return getResponse("Create").Data.GetID()
				},
				BodyFunc: func(getResponse babytest.PreviousResponseGetter) string {
					id := getResponse("Create").Data.GetID()
					return fmt.Sprintf(`"id": "%s", TODO: JSON here`, id)
				},
			},
			ExpectedResponse: babytest.ExpectedResponse{
				Status:     http.StatusOK,
				BodyRegexp: `TODO: JSON here`,
			},
		},
		{
			Name: "Delete",
			Test: babytest.RequestTest[*babyapi.AnyResource]{
				Method: http.MethodDelete,
				IDFunc: func(getResponse babytest.PreviousResponseGetter) string {
					return getResponse("Create").Data.GetID()
				},
			},
			ExpectedResponse: babytest.ExpectedResponse{
				Status: http.StatusNoContent,
			},
		},
		{
			Name: "NotFoundAfterDelete",
			Test: babytest.RequestTest[*babyapi.AnyResource]{
				Method: http.MethodGet,
				IDFunc: func(getResponse babytest.PreviousResponseGetter) string {
					return getResponse("Create").Data.GetID()
				},
			},
			ExpectedResponse: babytest.ExpectedResponse{
				Status: http.StatusNotFound,
				Error:  "error getting resource: unexpected response with text: Resource not found.",
				Body:   `{"status":"Resource not found."}`,
			},
		},
	})
}
